nnom.c:24:7:nnom_mem	24	static
nnom.c:36:8:nnom_mem_stat	4	static
nnom.c:42:15:io_mem_size	24	static
nnom.c:56:8:nnom_alignto	16	static
nnom.c:65:22:find_last	16	static
nnom.c:75:17:find_index	24	static
nnom.c:91:22:model_add	24	static
nnom.c:122:27:allocate_hook	24	static
nnom.c:151:25:allocate_io	16	static
nnom.c:179:22:model_hook	24	static
nnom.c:202:22:model_mergex	36	static
nnom.c:224:22:model_merge	24	static
nnom.c:230:22:model_active	16	static
nnom.c:238:15:new_model	24	static
nnom.c:264:13:io_tensor_delete	16	static
nnom.c:275:13:io_list_delete	32	static
nnom.c:316:13:layer_delete	16	static
nnom.c:343:6:model_delete	24	static
nnom.c:377:26:allocate_block	24	static
nnom.c:391:13:release_block	16	static
nnom.c:399:13:release_input_mem	24	static
nnom.c:410:13:release_comp_mem	16	static
nnom.c:420:8:nnom_io_length	24	static
nnom.c:435:8:nnom_hook_length	24	static
nnom.c:450:22:layer_shortcut_find_last	24	static
nnom.c:463:22:layer_shortcut_add	24	static
nnom.c:486:13:print_layer_info	40	static
nnom.c:530:13:print_memory_block_info	24	static
nnom.c:553:15:compile_layers	72	static
nnom.c:786:8:mem_analysis_result	24	static
nnom.c:804:15:block_mem_set	24	static
nnom.c:821:15:tensor_mem_set	24	static
nnom.c:850:15:set_tailed_activation	24	static
nnom.c:877:17:model_set_ops	40	static
nnom.c:896:15:model_compile	40	static
nnom.c:963:15:sequencial_compile	24	static
nnom.c:972:15:layer_run	24	static
nnom.c:993:15:model_run_to	32	static
nnom.c:1034:15:model_run	16	static
nnom.c:1040:15:model_set_callback	16	static
nnom.c:1050:6:model_delete_callback	16	static
nnom.c:1055:15:check_model_version	32	static
